Device: mps

=== 1. Loading & cleaning corpus ===
{
  "vocab_size": 3909,
  "train_tokens": 96372,
  "val_tokens": 12046,
  "test_tokens": 12047,
  "train_unk_rate": 0.03612044992321421,
  "val_unk_rate": 0.06226133156234435,
  "test_unk_rate": 0.07230015771561385,
  "seq_len": 20
}
Default windowed sizes (seq_len=20): train=96,352  val=12,026  test=12,027

=== Experiment: Stacked LSTM + tied embeddings + variational dropout (seq=40) (lstm_enhanced) ===
  seq_len override: 40  (train=96,332 val=12,006 test=12,007)
  parameters: 2,057,285
  ep  1/30  train_loss=5.8052 train_acc=0.1244  val_loss=4.9362 val_acc=0.1723 val_ppl=139.24  (19.7s)
  ep  2/30  train_loss=5.2322 train_acc=0.1539  val_loss=4.7672 val_acc=0.1850 val_ppl=117.59  (18.9s)
  ep  3/30  train_loss=5.0285 train_acc=0.1671  val_loss=4.6660 val_acc=0.1880 val_ppl=106.27  (18.9s)
  ep  4/30  train_loss=4.8788 train_acc=0.1797  val_loss=4.6111 val_acc=0.1942 val_ppl=100.59  (19.1s)
  ep  5/30  train_loss=4.7623 train_acc=0.1889  val_loss=4.5777 val_acc=0.2004 val_ppl=97.29  (19.6s)
  ep  6/30  train_loss=4.6683 train_acc=0.1964  val_loss=4.5430 val_acc=0.1991 val_ppl=93.98  (19.1s)
  ep  7/30  train_loss=4.5894 train_acc=0.2041  val_loss=4.5287 val_acc=0.2031 val_ppl=92.64  (19.7s)
  ep  8/30  train_loss=4.5164 train_acc=0.2084  val_loss=4.5159 val_acc=0.2049 val_ppl=91.46  (19.7s)
  ep  9/30  train_loss=4.4486 train_acc=0.2134  val_loss=4.5113 val_acc=0.2036 val_ppl=91.04  (19.6s)
  ep 10/30  train_loss=4.3883 train_acc=0.2170  val_loss=4.4916 val_acc=0.2054 val_ppl=89.26  (19.7s)
  ep 11/30  train_loss=4.3479 train_acc=0.2183  val_loss=4.4843 val_acc=0.2059 val_ppl=88.61  (19.8s)
  ep 12/30  train_loss=4.2941 train_acc=0.2230  val_loss=4.4798 val_acc=0.2061 val_ppl=88.22  (19.1s)
  ep 13/30  train_loss=4.2435 train_acc=0.2252  val_loss=4.4756 val_acc=0.2044 val_ppl=87.85  (19.6s)
  ep 14/30  train_loss=4.2099 train_acc=0.2270  val_loss=4.4489 val_acc=0.2070 val_ppl=85.53  (19.8s)
  ep 15/30  train_loss=4.1694 train_acc=0.2299  val_loss=4.4462 val_acc=0.2065 val_ppl=85.30  (19.8s)
  ep 16/30  train_loss=4.1378 train_acc=0.2300  val_loss=4.4279 val_acc=0.2051 val_ppl=83.75  (19.7s)
  ep 17/30  train_loss=4.0985 train_acc=0.2331  val_loss=4.4281 val_acc=0.2099 val_ppl=83.77  (19.8s)
  ep 18/30  train_loss=4.0754 train_acc=0.2354  val_loss=4.4254 val_acc=0.2057 val_ppl=83.54  (19.7s)
  ep 19/30  train_loss=4.0478 train_acc=0.2357  val_loss=4.4168 val_acc=0.2073 val_ppl=82.83  (19.6s)
  ep 20/30  train_loss=4.0293 train_acc=0.2375  val_loss=4.4355 val_acc=0.2039 val_ppl=84.39  (19.6s)
  ep 21/30  train_loss=3.9985 train_acc=0.2384  val_loss=4.4208 val_acc=0.2071 val_ppl=83.16  (19.6s)
  ep 22/30  train_loss=3.9060 train_acc=0.2474  val_loss=4.4305 val_acc=0.2076 val_ppl=83.97  (19.4s)
  ep 23/30  train_loss=3.8447 train_acc=0.2529  val_loss=4.4189 val_acc=0.2066 val_ppl=83.00  (19.3s)
  ep 24/30  train_loss=3.7896 train_acc=0.2602  val_loss=4.4278 val_acc=0.2081 val_ppl=83.74  (19.3s)
  ep 25/30  train_loss=3.7620 train_acc=0.2622  val_loss=4.4279 val_acc=0.2084 val_ppl=83.76  (19.0s)
  ep 26/30  train_loss=3.7289 train_acc=0.2672  val_loss=4.4265 val_acc=0.2091 val_ppl=83.64  (19.1s)
  ep 27/30  train_loss=3.7194 train_acc=0.2670  val_loss=4.4393 val_acc=0.2092 val_ppl=84.72  (18.8s)
  ep 28/30  train_loss=3.7024 train_acc=0.2696  val_loss=4.4339 val_acc=0.2095 val_ppl=84.26  (18.9s)
  ep 29/30  train_loss=3.6889 train_acc=0.2704  val_loss=4.4340 val_acc=0.2093 val_ppl=84.26  (18.9s)
  ep 30/30  train_loss=3.6742 train_acc=0.2724  val_loss=4.4383 val_acc=0.2100 val_ppl=84.63  (19.0s)
  test loss=4.2543  acc=0.2220  top5=0.4651  ppl=70.40
  train wall-clock=582.3s  inference median=70.8ms (1.77 ms/token)

=== Experiment: AWD-LSTM (weight-drop + tied embed + var dropout, seq=40) (awd_lstm) ===
  seq_len override: 40  (train=96,332 val=12,006 test=12,007)
  parameters: 2,057,285
  ep  1/30  train_loss=5.9488 train_acc=0.1098  val_loss=5.0187 val_acc=0.1663 val_ppl=151.21  (19.3s)
Traceback (most recent call last):
  File "/Users/sanketbhure/Personal/Practice/src/run_experiments.py", line 426, in <module>
    main()
  File "/Users/sanketbhure/Personal/Practice/src/run_experiments.py", line 304, in main
    train_res: TrainResult = train_model(
  File "/Users/sanketbhure/Personal/Practice/src/train.py", line 111, in train_model
    train_loss, train_acc = _epoch(model, train_loader, device, criterion, optimizer)
  File "/Users/sanketbhure/Personal/Practice/src/train.py", line 66, in _epoch
    logits = model(x)
  File "/Users/sanketbhure/Library/Python/3.9/lib/python/site-packages/torch/nn/modules/module.py", line 1773, in _wrapped_call_impl
    return self._call_impl(*args, **kwargs)
  File "/Users/sanketbhure/Library/Python/3.9/lib/python/site-packages/torch/nn/modules/module.py", line 1784, in _call_impl
    return forward_call(*args, **kwargs)
  File "/Users/sanketbhure/Personal/Practice/src/models.py", line 364, in forward
    out, _ = self.lstm(emb)
  File "/Users/sanketbhure/Library/Python/3.9/lib/python/site-packages/torch/nn/modules/module.py", line 1773, in _wrapped_call_impl
    return self._call_impl(*args, **kwargs)
  File "/Users/sanketbhure/Library/Python/3.9/lib/python/site-packages/torch/nn/modules/module.py", line 1784, in _call_impl
    return forward_call(*args, **kwargs)
  File "/Users/sanketbhure/Personal/Practice/src/models.py", line 297, in forward
    self._apply_weight_drop()
  File "/Users/sanketbhure/Personal/Practice/src/models.py", line 294, in _apply_weight_drop
    setattr(self.lstm, name, dropped)
  File "/Users/sanketbhure/Library/Python/3.9/lib/python/site-packages/torch/nn/modules/rnn.py", line 222, in __setattr__
    super().__setattr__(attr, value)
  File "/Users/sanketbhure/Library/Python/3.9/lib/python/site-packages/torch/nn/modules/module.py", line 1990, in __setattr__
    raise TypeError(
TypeError: cannot assign 'torch.mps.FloatTensor' as parameter 'weight_hh_l0' (torch.nn.Parameter or None expected)
